`{
  "name": "A.f8d6e0586b0a20c7.FindLeaseMarketAuctionSoft.EnglishAuction",
  "time": "1970-01-01T00:00:00Z",
  "fields": {
    "amount": 10,
    "auctionReservePrice": 10,
    "buyer": "0xf3fcd2c1a78f5eee",
    "buyerAvatar": "https://find.xyz/assets/img/avatars/avatar14.png",
    "buyerName": "user2",
    "endsAt": 7501,
    "leaseInfo": {
      "address": "0x179b6b1cb6755e31",
      "cost": 5,
      "lockedUntil": 39312001,
      "name": "name1",
      "status": "TAKEN",
      "validUntil": 31536001
    },
    "leaseName": "name1",
    "saleID": 269,
    "seller": "0x179b6b1cb6755e31",
    "sellerName": "user1",
    "status": "sold",
    "tenant": "findLease",
    "vaultType": "A.0ae53cb6e3f42a79.FlowToken.Vault"
  }
}{
  "name": "A.f8d6e0586b0a20c7.FindLeaseMarket.RoyaltyPaid",
  "time": "1970-01-01T00:00:00Z",
  "fields": {
    "address": "0x01cf0e2f2f715450",
    "amount": 0.5,
    "leaseInfo": {
      "address": "0x179b6b1cb6755e31",
      "cost": 5,
      "lockedUntil": 39312001,
      "name": "name1",
      "status": "TAKEN",
      "validUntil": 31536001
    },
    "leaseName": "name1",
    "royaltyName": "network",
    "saleID": 269,
    "tenant": "findLease",
    "vaultType": "A.0ae53cb6e3f42a79.FlowToken.Vault"
  }
}{
  "name": "A.f8d6e0586b0a20c7.FindLeaseMarket.RoyaltyPaid",
  "time": "1970-01-01T00:00:00Z",
  "fields": {
    "address": "0xf8d6e0586b0a20c7",
    "amount": 0.25,
    "leaseInfo": {
      "address": "0x179b6b1cb6755e31",
      "cost": 5,
      "lockedUntil": 39312001,
      "name": "name1",
      "status": "TAKEN",
      "validUntil": 31536001
    },
    "leaseName": "name1",
    "royaltyName": "find",
    "saleID": 269,
    "tenant": "findLease",
    "vaultType": "A.0ae53cb6e3f42a79.FlowToken.Vault"
  }
}`
