`{
  "name": "A.f8d6e0586b0a20c7.FindMarketSale.Sale",
  "time": "1970-01-01T00:00:00Z",
  "fields": {
    "amount": 10,
    "buyer": "0xf3fcd2c1a78f5eee",
    "buyerAvatar": "https://find.xyz/assets/img/avatars/avatar14.png",
    "buyerName": "user2",
    "endsAt": 301,
    "id": 367,
    "nft": {
      "id": 367,
      "name": "Neo Motorcycle 1 of 3",
      "thumbnail": "https://neomotorcycles.co.uk/assets/img/neo_motorcycle_side.webp",
      "type": "A.f8d6e0586b0a20c7.Dandy.NFT"
    },
    "saleID": 370,
    "seller": "0xe03daebed8ca0615",
    "sellerName": "user3",
    "status": "sold",
    "tenant": "find",
    "vaultType": "A.f8d6e0586b0a20c7.FUSD.Vault"
  }
}{
  "name": "A.f8d6e0586b0a20c7.FindMarket.RoyaltyCouldNotBePaid",
  "time": "1970-01-01T00:00:00Z",
  "fields": {
    "address": "0x179b6b1cb6755e31",
    "amount": 0.5,
    "findName": "user1",
    "id": 367,
    "nft": {
      "id": 367,
      "name": "Neo Motorcycle 1 of 3",
      "thumbnail": "https://neomotorcycles.co.uk/assets/img/neo_motorcycle_side.webp",
      "type": "A.f8d6e0586b0a20c7.Dandy.NFT"
    },
    "residualAddress": "0x01cf0e2f2f715450",
    "royaltyName": "minter",
    "saleID": 370,
    "tenant": "find",
    "vaultType": "A.f8d6e0586b0a20c7.FUSD.Vault"
  }
}{
  "name": "A.f8d6e0586b0a20c7.FindMarket.RoyaltyPaid",
  "time": "1970-01-01T00:00:00Z",
  "fields": {
    "address": "0xf8d6e0586b0a20c7",
    "amount": 0.25,
    "findName": "find",
    "id": 367,
    "nft": {
      "id": 367,
      "name": "Neo Motorcycle 1 of 3",
      "thumbnail": "https://neomotorcycles.co.uk/assets/img/neo_motorcycle_side.webp",
      "type": "A.f8d6e0586b0a20c7.Dandy.NFT"
    },
    "royaltyName": "platform",
    "saleID": 370,
    "tenant": "find",
    "vaultType": "A.f8d6e0586b0a20c7.FUSD.Vault"
  }
}{
  "name": "A.f8d6e0586b0a20c7.FindMarket.RoyaltyPaid",
  "time": "1970-01-01T00:00:00Z",
  "fields": {
    "address": "0xf8d6e0586b0a20c7",
    "amount": 0.35,
    "findName": "find",
    "id": 367,
    "nft": {
      "id": 367,
      "name": "Neo Motorcycle 1 of 3",
      "thumbnail": "https://neomotorcycles.co.uk/assets/img/neo_motorcycle_side.webp",
      "type": "A.f8d6e0586b0a20c7.Dandy.NFT"
    },
    "royaltyName": "find",
    "saleID": 370,
    "tenant": "find",
    "vaultType": "A.f8d6e0586b0a20c7.FUSD.Vault"
  }
}`
