`[
    {
        "body": "This is body",
        "created": 1,
        "creator": "0x120e725050340cab",
        "creatorAvatar": "https://find.xyz/assets/img/avatars/avatar14.png",
        "creatorName": "user1",
        "creatorProfileName": "user1",
        "header": "This is header",
        "hidden": false,
<<<<<<< HEAD
        "id": 401,
=======
        "id": 296,
>>>>>>> main
        "quotedThought": {
            "body": "This is body",
            "created": 1,
            "creator": "0x120e725050340cab",
            "creatorAvatar": "https://find.xyz/assets/img/avatars/avatar14.png",
            "creatorName": "user1",
            "creatorProfileName": "user1",
            "header": "This is header",
            "hidden": false,
<<<<<<< HEAD
            "id": 392,
=======
            "id": 287,
>>>>>>> main
            "medias": {
                "mediaUrl": "mediaType"
            },
            "tags": [
                "tag1",
                "tag2",
                "@find"
            ]
        },
        "tags": [
            "tag1",
            "tag2",
            "@find"
        ]
    }
]`
