`{
    "FINDReport": {
        "privateMode": false,
        "profile": {
            "address": "0xf3fcd2c1a78f5eee",
            "allowStoringFollowers": true,
            "avatar": "https://find.xyz/assets/img/avatars/avatar14.png",
            "createdAt": "find",
            "name": "user2",
            "wallets": [
                {
                    "accept": "A.0ae53cb6e3f42a79.FlowToken.Vault",
                    "balance": 100.00093369,
                    "name": "Flow",
                    "tags": [
                        "flow"
                    ]
                },
                {
                    "accept": "A.f8d6e0586b0a20c7.FUSD.Vault",
                    "balance": 95,
                    "name": "FUSD",
                    "tags": [
                        "fusd",
                        "stablecoin"
                    ]
                },
                {
                    "accept": "A.f8d6e0586b0a20c7.FiatToken.Vault",
                    "balance": 100,
                    "name": "USDC",
                    "tags": [
                        "usdc",
                        "stablecoin"
                    ]
                }
            ]
        }
    }
}`
