`{
  "name": "A.f8d6e0586b0a20c7.FindMarketDirectOfferSoft.DirectOffer",
  "time": "1970-01-01T00:00:00Z",
  "fields": {
    "amount": "10.00000000",
    "buyer": "0xf3fcd2c1a78f5eee",
    "buyerAvatar": "https://find.xyz/assets/img/avatars/avatar14.png",
    "buyerName": "user2",
    "endsAt": "100.00000000",
    "id": "ID0",
    "nft": {
      "collectionDescription": "Neo Collectibles FIND",
      "collectionName": "user1",
      "editionNumber": "1",
      "id": "ID0",
      "name": "Neo Motorcycle 1 of 3",
      "rarity": "",
      "scalars": {
        "Speed": "100.00000000",
        "edition_set_max": "3.00000000",
        "edition_set_number": "1.00000000"
      },
      "tags": {
        "NeoMotorCycleTag": "Tag1"
      },
      "thumbnail": "https://neomotorcycles.co.uk/assets/img/neo_motorcycle_side.webp",
      "totalInEdition": "3",
      "type": "A.f8d6e0586b0a20c7.Dandy.NFT"
    },
    "previousBuyer": "",
    "previousBuyerName": "",
    "saleID": "ID0",
    "seller": "0x179b6b1cb6755e31",
    "sellerName": "user1",
    "status": "sold",
    "tenant": "find",
    "vaultType": "A.0ae53cb6e3f42a79.FlowToken.Vault"
  }
}{
  "name": "A.f8d6e0586b0a20c7.FindMarket.RoyaltyPaid",
  "time": "1970-01-01T00:00:00Z",
  "fields": {
    "address": "0x179b6b1cb6755e31",
    "amount": "0.50000000",
    "findName": "user1",
    "id": "ID0",
    "royaltyName": "minter",
    "tenant": "find"
  }
}{
  "name": "A.f8d6e0586b0a20c7.FindMarket.RoyaltyPaid",
  "time": "1970-01-01T00:00:00Z",
  "fields": {
    "address": "0xf8d6e0586b0a20c7",
    "amount": "0.25000000",
    "findName": "",
    "id": "ID0",
    "royaltyName": "platform",
    "tenant": "find"
  }
}{
  "name": "A.f8d6e0586b0a20c7.FindMarket.RoyaltyPaid",
  "time": "1970-01-01T00:00:00Z",
  "fields": {
    "address": "0xf8d6e0586b0a20c7",
    "amount": "0.25000000",
    "findName": "",
    "id": "ID0",
    "royaltyName": "find",
    "tenant": "find"
  }
}`
