`{
    "allowedListingActions": {
        "FindMarketAuctionEscrow": {
            "ftAlias": [
                "Flow"
            ],
            "ftIdentifiers": [
                "A.0ae53cb6e3f42a79.FlowToken.Vault"
            ],
            "listingType": "A.f8d6e0586b0a20c7.FindMarketAuctionEscrow.SaleItem",
            "status": "active"
        },
        "FindMarketAuctionSoft": {
            "ftAlias": [
                "Flow"
            ],
            "ftIdentifiers": [
                "A.0ae53cb6e3f42a79.FlowToken.Vault"
            ],
            "listingType": "A.f8d6e0586b0a20c7.FindMarketAuctionSoft.SaleItem",
            "status": "active"
        },
        "FindMarketDirectOfferEscrow": {
            "ftAlias": [
                "Flow"
            ],
            "ftIdentifiers": [
                "A.0ae53cb6e3f42a79.FlowToken.Vault"
            ],
            "listingType": "A.f8d6e0586b0a20c7.FindMarketDirectOfferEscrow.SaleItem",
            "status": "active"
        },
        "FindMarketDirectOfferSoft": {
            "ftAlias": [
                "Flow"
            ],
            "ftIdentifiers": [
                "A.0ae53cb6e3f42a79.FlowToken.Vault"
            ],
            "listingType": "A.f8d6e0586b0a20c7.FindMarketDirectOfferSoft.SaleItem",
            "status": "active"
        },
        "FindMarketSale": {
            "ftAlias": [
                "Flow"
            ],
            "ftIdentifiers": [
                "A.0ae53cb6e3f42a79.FlowToken.Vault"
            ],
            "listingType": "A.f8d6e0586b0a20c7.FindMarketSale.SaleItem",
            "status": "active"
        }
    },
    "findMarket": {},
    "nftDetail": {
        "collectionDescription": "xtingle FIND",
        "collectionName": "xtingles",
        "data": {},
        "editionNumber": "",
        "id": "167",
        "media": [
            {
                "file": {
                    "url": "https://nft.blocto.app/xtingles/xBloctopus.mp4"
                },
                "mediaType": "video/mp4"
            },
            {
                "file": {
                    "url": "https://nft.blocto.app/xtingles/preview-xBloctopus.png"
                },
                "mediaType": "image/png;display=thumbnail"
            }
        ],
        "name": "xtingle 1 of 1",
        "rarity": "rare",
        "royalties": [
            {
                "address": "0x179b6b1cb6755e31",
                "cut": "0.05000000",
                "findName": "user1",
                "royaltyName": "minter"
            },
            {
                "address": "0xf8d6e0586b0a20c7",
                "cut": "0.02500000",
                "findName": "",
                "royaltyName": "platform"
            }
        ],
        "scalars": {
            "edition_nft_max": "1.00000000",
            "edition_nft_number": "1.00000000",
            "video length": "27.00000000"
        },
        "tags": {
            "xtingle Tag": "Tag1"
        },
        "thumbnail": "https://nft.blocto.app/xtingles/preview-xBloctopus.png",
        "totalInEdition": "",
        "type": "A.f8d6e0586b0a20c7.Dandy.NFT",
        "uuid": "167",
        "views": [
            "A.f8d6e0586b0a20c7.FindViews.Nounce",
            "A.f8d6e0586b0a20c7.MetadataViews.NFTCollectionData",
            "A.f8d6e0586b0a20c7.MetadataViews.Royalties",
            "A.f8d6e0586b0a20c7.MetadataViews.Media",
            "A.f8d6e0586b0a20c7.FindViews.CreativeWork",
            "A.f8d6e0586b0a20c7.MetadataViews.ExternalURL"
        ]
    },
    "storefront": ""
}`
