`{
    "allowedListingActions": {
        "FindMarketAuctionEscrow": {
            "ListingDetails": [
                {
                    "ftAlias": "Flow",
                    "ftIdentifier": "A.0ae53cb6e3f42a79.FlowToken.Vault",
                    "royalties": [
                        {
                            "address": "0xf8d6e0586b0a20c7",
                            "cut": 0.025,
                            "royaltyName": "find"
                        },
                        {
                            "address": "0x179b6b1cb6755e31",
                            "cut": 0.05,
                            "findName": "user1",
                            "royaltyName": "creator"
                        },
                        {
                            "address": "0xf8d6e0586b0a20c7",
                            "cut": 0.025,
                            "royaltyName": "find forge"
                        }
                    ]
                }
            ],
            "ftAlias": [
                "Flow"
            ],
            "ftIdentifiers": [
                "A.0ae53cb6e3f42a79.FlowToken.Vault"
            ],
            "listingType": "A.f8d6e0586b0a20c7.FindMarketAuctionEscrow.SaleItem",
            "status": "active"
        },
        "FindMarketAuctionSoft": {
            "ListingDetails": [
                {
                    "ftAlias": "Flow",
                    "ftIdentifier": "A.0ae53cb6e3f42a79.FlowToken.Vault",
                    "royalties": [
                        {
                            "address": "0xf8d6e0586b0a20c7",
                            "cut": 0.025,
                            "royaltyName": "find"
                        },
                        {
                            "address": "0x179b6b1cb6755e31",
                            "cut": 0.05,
                            "findName": "user1",
                            "royaltyName": "creator"
                        },
                        {
                            "address": "0xf8d6e0586b0a20c7",
                            "cut": 0.025,
                            "royaltyName": "find forge"
                        }
                    ]
                }
            ],
            "ftAlias": [
                "Flow"
            ],
            "ftIdentifiers": [
                "A.0ae53cb6e3f42a79.FlowToken.Vault"
            ],
            "listingType": "A.f8d6e0586b0a20c7.FindMarketAuctionSoft.SaleItem",
            "status": "active"
        },
        "FindMarketDirectOfferEscrow": {
            "ListingDetails": [
                {
                    "ftAlias": "Flow",
                    "ftIdentifier": "A.0ae53cb6e3f42a79.FlowToken.Vault",
                    "royalties": [
                        {
                            "address": "0xf8d6e0586b0a20c7",
                            "cut": 0.025,
                            "royaltyName": "find"
                        },
                        {
                            "address": "0x179b6b1cb6755e31",
                            "cut": 0.05,
                            "findName": "user1",
                            "royaltyName": "creator"
                        },
                        {
                            "address": "0xf8d6e0586b0a20c7",
                            "cut": 0.025,
                            "royaltyName": "find forge"
                        }
                    ]
                }
            ],
            "ftAlias": [
                "Flow"
            ],
            "ftIdentifiers": [
                "A.0ae53cb6e3f42a79.FlowToken.Vault"
            ],
            "listingType": "A.f8d6e0586b0a20c7.FindMarketDirectOfferEscrow.SaleItem",
            "status": "active"
        },
        "FindMarketDirectOfferSoft": {
            "ListingDetails": [
                {
                    "ftAlias": "Flow",
                    "ftIdentifier": "A.0ae53cb6e3f42a79.FlowToken.Vault",
                    "royalties": [
                        {
                            "address": "0xf8d6e0586b0a20c7",
                            "cut": 0.025,
                            "royaltyName": "find"
                        },
                        {
                            "address": "0x179b6b1cb6755e31",
                            "cut": 0.05,
                            "findName": "user1",
                            "royaltyName": "creator"
                        },
                        {
                            "address": "0xf8d6e0586b0a20c7",
                            "cut": 0.025,
                            "royaltyName": "find forge"
                        }
                    ]
                }
            ],
            "ftAlias": [
                "Flow"
            ],
            "ftIdentifiers": [
                "A.0ae53cb6e3f42a79.FlowToken.Vault"
            ],
            "listingType": "A.f8d6e0586b0a20c7.FindMarketDirectOfferSoft.SaleItem",
            "status": "active"
        },
        "FindMarketSale": {
            "ListingDetails": [
                {
                    "ftAlias": "Flow",
                    "ftIdentifier": "A.0ae53cb6e3f42a79.FlowToken.Vault",
                    "royalties": [
                        {
                            "address": "0xf8d6e0586b0a20c7",
                            "cut": 0.025,
                            "royaltyName": "find"
                        },
                        {
                            "address": "0x179b6b1cb6755e31",
                            "cut": 0.05,
                            "findName": "user1",
                            "royaltyName": "creator"
                        },
                        {
                            "address": "0xf8d6e0586b0a20c7",
                            "cut": 0.025,
                            "royaltyName": "find forge"
                        }
                    ]
                }
            ],
            "ftAlias": [
                "Flow"
            ],
            "ftIdentifiers": [
                "A.0ae53cb6e3f42a79.FlowToken.Vault"
            ],
            "listingType": "A.f8d6e0586b0a20c7.FindMarketSale.SaleItem",
            "status": "active"
        }
    },
    "findMarket": {
        "FindMarketSale": {
            "amount": 10,
            "ftAlias": "Flow",
            "ftTypeIdentifier": "A.0ae53cb6e3f42a79.FlowToken.Vault",
            "listingId": 303,
            "listingStatus": "active",
            "listingTypeIdentifier": "A.f8d6e0586b0a20c7.FindMarketSale.SaleItem",
            "listingValidUntil": 101,
            "nftId": 303,
            "nftIdentifier": "A.f8d6e0586b0a20c7.Dandy.NFT",
            "saleType": "active_listed",
            "seller": "0x179b6b1cb6755e31",
            "sellerName": "user1"
        }
    },
    "nftDetail": {
        "collection": {
            "bannerImage": {
                "https://neomotorcycles.co.uk/assets/img/neo-logo-web-dark.png?h=5a4d226197291f5f6370e79a1ee656a1": "image"
            },
            "description": "Neo Collectibles FIND",
            "externalURL": "https://neomotorcycles.co.uk/index.html",
            "name": "user1",
            "socials": {
                "Discord": "discord.gg/",
                "Twitter": "https://twitter.com/home"
            },
            "squareImage": {
                "https://neomotorcycles.co.uk/assets/img/neo_motorcycle_side.webp": "image"
            }
        },
        "editions": [
            {
                "max": 3,
                "number": 2
            },
            {
                "max": 3,
                "name": "set",
                "number": 2
            }
        ],
        "externalViewURL": "https://find.xyz/collection/user1/dandy/ID1",
        "id": 303,
        "media": {
            "https://neomotorcycles.co.uk/assets/img/neo_motorcycle_side.webp": "image/png"
        },
        "name": "Neo Motorcycle 2 of 3",
        "thumbnail": "https://neomotorcycles.co.uk/assets/img/neo_motorcycle_side.webp",
        "traits": [
            {
                "displayType": "String",
                "name": "NeoMotorCycleTag",
                "value": "Tag1"
            },
            {
                "displayType": "Numeric",
                "name": "Speed",
                "value": 100
            },
            {
                "displayType": "Date",
                "name": "Birthday",
                "value": 1660145023
            }
        ],
        "type": "A.f8d6e0586b0a20c7.Dandy.NFT",
        "uuid": 303,
        "views": [
            "A.f8d6e0586b0a20c7.FindViews.Nounce",
            "A.f8d6e0586b0a20c7.MetadataViews.NFTCollectionData",
            "A.f8d6e0586b0a20c7.MetadataViews.Royalties",
            "A.f8d6e0586b0a20c7.FindViews.CreativeWork"
        ]
    }
}`
