`{
    "FindMarketAuctionEscrow": [
        "A.179b6b1cb6755e31.Dandy.NFT"
    ],
    "FindMarketAuctionSoft": [
        "A.179b6b1cb6755e31.Dandy.NFT"
    ],
    "FindMarketDirectOfferEscrow": [
        "A.179b6b1cb6755e31.Dandy.NFT"
    ],
    "FindMarketDirectOfferSoft": [
        "A.179b6b1cb6755e31.Dandy.NFT"
    ],
    "FindMarketSale": [
        "A.179b6b1cb6755e31.Dandy.NFT"
    ]
}`
