`{
    "allowedListingActions": {
        "FindMarketAuctionEscrow": {
            "ftAlias": [
                "Flow"
            ],
            "ftIdentifiers": [
                "A.0ae53cb6e3f42a79.FlowToken.Vault"
            ],
            "listingType": "A.f8d6e0586b0a20c7.FindMarketAuctionEscrow.SaleItem",
            "status": "active"
        },
        "FindMarketAuctionSoft": {
            "ftAlias": [
                "Flow"
            ],
            "ftIdentifiers": [
                "A.0ae53cb6e3f42a79.FlowToken.Vault"
            ],
            "listingType": "A.f8d6e0586b0a20c7.FindMarketAuctionSoft.SaleItem",
            "status": "active"
        },
        "FindMarketDirectOfferEscrow": {
            "ftAlias": [
                "Flow"
            ],
            "ftIdentifiers": [
                "A.0ae53cb6e3f42a79.FlowToken.Vault"
            ],
            "listingType": "A.f8d6e0586b0a20c7.FindMarketDirectOfferEscrow.SaleItem",
            "status": "active"
        },
        "FindMarketDirectOfferSoft": {
            "ftAlias": [
                "Flow"
            ],
            "ftIdentifiers": [
                "A.0ae53cb6e3f42a79.FlowToken.Vault"
            ],
            "listingType": "A.f8d6e0586b0a20c7.FindMarketDirectOfferSoft.SaleItem",
            "status": "active"
        },
        "FindMarketSale": {
            "ftAlias": [
                "Flow"
            ],
            "ftIdentifiers": [
                "A.0ae53cb6e3f42a79.FlowToken.Vault"
            ],
            "listingType": "A.f8d6e0586b0a20c7.FindMarketSale.SaleItem",
            "status": "active"
        }
    },
    "nftDetail": {
        "collectionDescription": "Neo Collectibles FIND",
        "collectionName": "neomotorcycle",
        "id": 329,
        "media": {
            "https://neomotorcycles.co.uk/assets/img/neo_motorcycle_side.webp": "image/png"
        },
        "name": "Neo Motorcycle 1 of 1",
        "rarity": "rare",
        "royalties": [
            {
                "address": "0x179b6b1cb6755e31",
                "cut": 0.05,
                "findName": "user1",
                "royaltyName": "minter"
            },
            {
                "address": "0xf8d6e0586b0a20c7",
                "cut": 0.025,
                "royaltyName": "platform"
            }
        ],
        "scalars": {
            "Speed": 200,
            "edition_nft_max": 1,
            "edition_nft_number": 1,
            "rarity_max": 100,
            "rarity_score": 50
        },
        "tags": {
            "Color": "Pearl"
        },
        "thumbnail": "https://neomotorcycles.co.uk/assets/img/neo_motorcycle_side.webp",
        "type": "A.f8d6e0586b0a20c7.Dandy.NFT",
        "uuid": 329,
        "views": [
            "checked",
            "checked",
            "checked",
            "checked",
            "checked",
            "checked",
            "checked"
        ]
    }
}`
