`{
    "allowedListingActions": {
        "FindMarketSale": {
            "ftAlias": [
                "Flow"
            ],
            "ftIdentifiers": [
                "A.0ae53cb6e3f42a79.FlowToken.Vault"
            ],
            "listingType": "A.f8d6e0586b0a20c7.FindMarketSale.SaleItem",
            "status": "active"
        }
    },
    "findMarket": {
        "FindMarketSale": {
            "amount": "10.00000000",
            "auction": "",
            "bidder": "",
            "bidderName": "",
            "ftAlias": "Flow",
            "ftTypeIdentifier": "A.0ae53cb6e3f42a79.FlowToken.Vault",
            "listingId": "134",
            "listingStatus": "active",
            "listingTypeIdentifier": "A.f8d6e0586b0a20c7.FindMarketSale.SaleItem",
            "listingValidUntil": "100.00000000",
            "nft": "",
            "nftId": "134",
            "nftIdentifier": "A.f8d6e0586b0a20c7.Dandy.NFT",
            "saleItemExtraField": {},
            "saleType": "active_listed",
            "seller": "0x179b6b1cb6755e31",
            "sellerName": "user1"
        }
    },
    "nftDetail": {
        "collectionDescription": "Neo Collectibles FIND",
        "collectionName": "user1",
        "data": {},
        "editionNumber": "2",
        "id": "134",
        "media": null,
        "name": "Neo Motorcycle 2 of 3",
        "rarity": "",
        "royalties": [
            {
                "address": "0x179b6b1cb6755e31",
                "cut": "0.05000000",
                "findName": "user1",
                "royaltyName": "artist"
            },
            {
                "address": "0xf8d6e0586b0a20c7",
                "cut": "0.02500000",
                "findName": "",
                "royaltyName": "platform"
            }
        ],
        "scalars": {
            "Speed": "100.00000000",
            "edition_set_max": "3.00000000",
            "edition_set_number": "2.00000000"
        },
        "tags": {
            "NeoMotorCycleTag": "Tag1"
        },
        "thumbnail": "https://neomotorcycles.co.uk/assets/img/neo_motorcycle_side.webp",
        "totalInEdition": "3",
        "type": "A.f8d6e0586b0a20c7.Dandy.NFT",
        "uuid": "134",
        "views": [
            "A.f8d6e0586b0a20c7.FindViews.Nounce",
            "A.f8d6e0586b0a20c7.MetadataViews.NFTCollectionData",
            "A.f8d6e0586b0a20c7.MetadataViews.Royalties",
            "A.f8d6e0586b0a20c7.MetadataViews.ExternalURL",
            "A.f8d6e0586b0a20c7.MetadataViews.Media",
            "A.f8d6e0586b0a20c7.FindViews.CreativeWork"
        ]
    },
    "storefront": ""
}`
