`map[string]interface {}{
  "allowedListingActions": map[string]interface {}{
    "FindMarketAuctionEscrow": map[string]interface {}{
      "ftAlias": []interface {}{
        "Flow",
      },
      "ftIdentifiers": []interface {}{
        "A.0ae53cb6e3f42a79.FlowToken.Vault",
      },
      "listingType": "A.f8d6e0586b0a20c7.FindMarketAuctionEscrow.SaleItem",
      "status": "active",
    },
    "FindMarketAuctionSoft": map[string]interface {}{
      "ftAlias": []interface {}{
        "Flow",
      },
      "ftIdentifiers": []interface {}{
        "A.0ae53cb6e3f42a79.FlowToken.Vault",
      },
      "listingType": "A.f8d6e0586b0a20c7.FindMarketAuctionSoft.SaleItem",
      "status": "active",
    },
    "FindMarketDirectOfferEscrow": map[string]interface {}{
      "ftAlias": []interface {}{
        "Flow",
      },
      "ftIdentifiers": []interface {}{
        "A.0ae53cb6e3f42a79.FlowToken.Vault",
      },
      "listingType": "A.f8d6e0586b0a20c7.FindMarketDirectOfferEscrow.SaleItem",
      "status": "active",
    },
    "FindMarketDirectOfferSoft": map[string]interface {}{
      "ftAlias": []interface {}{
        "Flow",
      },
      "ftIdentifiers": []interface {}{
        "A.0ae53cb6e3f42a79.FlowToken.Vault",
      },
      "listingType": "A.f8d6e0586b0a20c7.FindMarketDirectOfferSoft.SaleItem",
      "status": "active",
    },
    "FindMarketSale": map[string]interface {}{
      "ftAlias": []interface {}{
        "Flow",
      },
      "ftIdentifiers": []interface {}{
        "A.0ae53cb6e3f42a79.FlowToken.Vault",
      },
      "listingType": "A.f8d6e0586b0a20c7.FindMarketSale.SaleItem",
      "status": "active",
    },
  },
  "findMarket": map[string]interface {}{
    "FindMarketSale": map[string]interface {}{
      "amount": 10.0,
      "ftAlias": "Flow",
      "ftTypeIdentifier": "A.0ae53cb6e3f42a79.FlowToken.Vault",
      "listingId": 197,
      "listingStatus": "active",
      "listingTypeIdentifier": "A.f8d6e0586b0a20c7.FindMarketSale.SaleItem",
      "listingValidUntil": 101.0,
      "nftId": 197,
      "nftIdentifier": "A.f8d6e0586b0a20c7.Dandy.NFT",
      "saleType": "active_listed",
      "seller": "0x179b6b1cb6755e31",
      "sellerName": "user1",
    },
  },
  "nftDetail": map[string]interface {}{
    "collectionDescription": "Neo Collectibles FIND",
    "collectionName": "user1",
    "editionNumber": 2,
    "id": 197,
    "media": map[string]interface {}{
      "https://neomotorcycles.co.uk/assets/img/neo_motorcycle_side.webp": "image/png",
    },
    "name": "Neo Motorcycle 2 of 3",
    "royalties": []interface {}{
      map[string]interface {}{
        "address": "0x179b6b1cb6755e31",
        "cut": 0.05,
        "findName": "user1",
        "royaltyName": "minter",
      },
      map[string]interface {}{
        "address": "0xf8d6e0586b0a20c7",
        "cut": 0.025,
        "royaltyName": "platform",
      },
    },
    "scalars": map[string]interface {}{
      "Speed": 100.0,
      "edition_set_max": 3.0,
      "edition_set_number": 2.0,
    },
    "tags": map[string]interface {}{
      "NeoMotorCycleTag": "Tag1",
    },
    "thumbnail": "https://neomotorcycles.co.uk/assets/img/neo_motorcycle_side.webp",
    "totalInEdition": 3,
    "type": "A.f8d6e0586b0a20c7.Dandy.NFT",
    "uuid": 197,
    "views": []interface {}{
      "A.f8d6e0586b0a20c7.FindViews.Nounce",
      "A.f8d6e0586b0a20c7.MetadataViews.NFTCollectionData",
      "A.f8d6e0586b0a20c7.MetadataViews.Royalties",
      "A.f8d6e0586b0a20c7.FindViews.CreativeWork",
      "A.f8d6e0586b0a20c7.MetadataViews.Traits",
      "A.f8d6e0586b0a20c7.MetadataViews.ExternalURL",
    },
  },
}`
