`{
    "FINDReport": {
        "bids": null,
        "itemsForSale": {},
        "leases": [
            {
                "addons": null,
                "address": "0xf3fcd2c1a78f5eee",
                "auctionEnds": "",
                "auctionReservePrice": "",
                "auctionStartPrice": "",
                "cost": "5.00000000",
                "currentTime": "1.00000000",
                "extensionOnLateBid": "300.00000000",
                "latestBid": "",
                "latestBidBy": "",
                "lockedUntil": "39312001.00000000",
                "name": "user2",
                "salePrice": "",
                "status": "TAKEN",
                "validUntil": "31536001.00000000"
            }
        ],
        "marketBids": {
            "FindMarketAuctionEscrow": {
                "ghosts": [
                    {
                        "id": "134",
                        "listingTypeIdentifier": "A.f8d6e0586b0a20c7.FindMarketAuctionEscrow.Bid"
                    }
                ],
                "items": [
                    {
                        "bidAmount": "15.00000000",
                        "bidTypeIdentifier": "A.f8d6e0586b0a20c7.FindMarketAuctionEscrow.Bid",
                        "id": "136",
                        "item": {
                            "amount": "15.00000000",
                            "auction": {
                                "auctionEndsAt": "301.00000000",
                                "currentPrice": "15.00000000",
                                "extentionOnLateBid": "60.00000000",
                                "minimumBidIncrement": "1.00000000",
                                "reservePrice": "15.00000000",
                                "startPrice": "10.00000000",
                                "timestamp": "1.00000000"
                            },
                            "bidder": "0xf3fcd2c1a78f5eee",
                            "bidderName": "user2",
                            "ftAlias": "Flow",
                            "ftTypeIdentifier": "A.0ae53cb6e3f42a79.FlowToken.Vault",
                            "listingId": "136",
                            "listingStatus": "active",
                            "listingTypeIdentifier": "A.f8d6e0586b0a20c7.FindMarketAuctionEscrow.SaleItem",
                            "listingValidUntil": "301.00000000",
                            "nft": {
                                "collectionDescription": "Neo Collectibles FIND",
                                "collectionName": "user1",
                                "editionNumber": "2",
                                "id": "136",
                                "name": "Neo Motorcycle 2 of 3",
                                "rarity": "",
                                "scalars": {
                                    "Speed": "100.00000000",
                                    "edition_set_max": "3.00000000",
                                    "edition_set_number": "2.00000000"
                                },
                                "tags": {
                                    "NeoMotorCycleTag": "Tag1"
                                },
                                "thumbnail": "https://neomotorcycles.co.uk/assets/img/neo_motorcycle_side.webp",
                                "totalInEdition": "3",
                                "type": "A.f8d6e0586b0a20c7.Dandy.NFT"
                            },
                            "nftId": "136",
                            "nftIdentifier": "A.f8d6e0586b0a20c7.Dandy.NFT",
                            "saleItemExtraField": {},
                            "saleType": "active_ongoing",
                            "seller": "0x179b6b1cb6755e31",
                            "sellerName": "user1"
                        },
                        "timestamp": "1.00000000"
                    }
                ]
            },
            "FindMarketDirectOfferSoft": {
                "ghosts": [
                    {
                        "id": "134",
                        "listingTypeIdentifier": "A.f8d6e0586b0a20c7.FindMarketDirectOfferSoft.Bid"
                    }
                ],
                "items": null
            }
        },
        "privateMode": "false",
        "profile": {
            "address": "0xf3fcd2c1a78f5eee",
            "allowStoringFollowers": "true",
            "avatar": "https://find.xyz/assets/img/avatars/avatar14.png",
            "createdAt": "find",
            "description": "",
            "findName": "user2",
            "followers": null,
            "following": null,
            "gender": "",
            "links": {},
            "name": "user2",
            "tags": null,
            "wallets": [
                {
                    "accept": "A.0ae53cb6e3f42a79.FlowToken.Vault",
                    "balance": "60.00100000",
                    "name": "Flow",
                    "tags": [
                        "flow"
                    ]
                },
                {
                    "accept": "A.f8d6e0586b0a20c7.FUSD.Vault",
                    "balance": "95.00000000",
                    "name": "FUSD",
                    "tags": [
                        "fusd",
                        "stablecoin"
                    ]
                },
                {
                    "accept": "A.f8d6e0586b0a20c7.FiatToken.Vault",
                    "balance": "100.00000000",
                    "name": "USDC",
                    "tags": [
                        "usdc",
                        "stablecoin"
                    ]
                }
            ]
        },
        "relatedAccounts": {}
    },
    "NameReport": {
        "cost": "5.00000000",
        "status": "TAKEN"
    }
}`
