`{
    "FINDReport": {
        "itemsForSale": {
            "FindMarketAuctionEscrow": {
                "items": [
                    {
                        "amount": 10,
                        "auction": {
                            "auctionEndsAt": 3503,
                            "currentPrice": 10,
                            "extentionOnLateBid": 60,
                            "minimumBidIncrement": 1,
                            "reservePrice": 10,
                            "startPrice": 5,
                            "timestamp": 3703
                        },
                        "bidder": "0xf3fcd2c1a78f5eee",
                        "bidderName": "user2",
                        "ftAlias": "Flow",
                        "ftTypeIdentifier": "A.0ae53cb6e3f42a79.FlowToken.Vault",
<<<<<<< HEAD
<<<<<<< HEAD
                        "listingId": 270,
=======
                        "listingId": 198,
>>>>>>> 8cff637 (Implement nft catalog (#173))
=======
                        "listingId": 198,
>>>>>>> main
                        "listingStatus": "ended",
                        "listingTypeIdentifier": "A.f8d6e0586b0a20c7.FindMarketAuctionEscrow.SaleItem",
                        "listingValidUntil": 3503,
                        "nft": {
                            "collectionDescription": "Neo Collectibles FIND",
                            "collectionName": "user1",
                            "editionNumber": 1,
<<<<<<< HEAD
<<<<<<< HEAD
                            "id": 270,
=======
                            "id": 198,
>>>>>>> 8cff637 (Implement nft catalog (#173))
=======
                            "id": 198,
>>>>>>> main
                            "name": "Neo Motorcycle 1 of 3",
                            "scalars": {
                                "Speed": 100,
                                "edition_set_max": 3,
                                "edition_set_number": 1
                            },
                            "tags": {
                                "NeoMotorCycleTag": "Tag1"
                            },
                            "thumbnail": "https://neomotorcycles.co.uk/assets/img/neo_motorcycle_side.webp",
                            "totalInEdition": 3,
                            "type": "A.f8d6e0586b0a20c7.Dandy.NFT"
                        },
<<<<<<< HEAD
<<<<<<< HEAD
                        "nftId": 270,
=======
                        "nftId": 198,
>>>>>>> 8cff637 (Implement nft catalog (#173))
=======
                        "nftId": 198,
>>>>>>> main
                        "nftIdentifier": "A.f8d6e0586b0a20c7.Dandy.NFT",
                        "saleType": "finished_completed",
                        "seller": "0x179b6b1cb6755e31",
                        "sellerName": "user1"
                    }
                ]
            }
        },
        "leases": [
            {
                "addons": [
                    "forge"
                ],
                "address": "0x179b6b1cb6755e31",
                "cost": 5,
                "currentTime": 3703,
                "extensionOnLateBid": 300,
                "lockedUntil": 39312001,
                "name": "user1",
                "status": "TAKEN",
                "validUntil": 31536001
            }
        ],
        "privateMode": false,
        "profile": {
            "address": "0x179b6b1cb6755e31",
            "allowStoringFollowers": true,
            "avatar": "https://find.xyz/assets/img/avatars/avatar14.png",
            "createdAt": "find",
            "findName": "user1",
            "name": "user1",
            "wallets": [
                {
                    "accept": "A.0ae53cb6e3f42a79.FlowToken.Vault",
                    "balance": 199.74979809,
                    "name": "Flow",
                    "tags": [
                        "flow"
                    ]
                },
                {
                    "accept": "A.f8d6e0586b0a20c7.FUSD.Vault",
                    "balance": 45,
                    "name": "FUSD",
                    "tags": [
                        "fusd",
                        "stablecoin"
                    ]
                },
                {
                    "accept": "A.f8d6e0586b0a20c7.FiatToken.Vault",
                    "balance": 100,
                    "name": "USDC",
                    "tags": [
                        "usdc",
                        "stablecoin"
                    ]
                }
            ]
        }
    },
    "NameReport": {
        "cost": 5,
        "status": "TAKEN"
    }
}`
