`{
  "name": "A.f8d6e0586b0a20c7.FindLeaseMarketSale.Sale",
  "time": "1970-01-01T00:00:00Z",
  "fields": {
    "amount": "10.00000000",
    "buyer": "0xf3fcd2c1a78f5eee",
    "buyerAvatar": "https://find.xyz/assets/img/avatars/avatar14.png",
    "buyerName": "user2",
    "endsAt": "301.00000000",
    "leaseInfo": {
      "addons": null,
      "address": "0x179b6b1cb6755e31",
      "cost": "5.00000000",
      "lockedUntil": "39312001.00000000",
      "name": "name1",
      "status": "TAKEN",
      "validUntil": "31536001.00000000"
    },
    "name": "name1",
    "saleID": "ID0",
    "seller": "0x179b6b1cb6755e31",
    "sellerName": "user1",
    "status": "sold",
    "tenant": "findLease",
    "vaultType": "A.0ae53cb6e3f42a79.FlowToken.Vault"
  }
}{
  "name": "A.f8d6e0586b0a20c7.FindLeaseMarket.RoyaltyPaid",
  "time": "1970-01-01T00:00:00Z",
  "fields": {
    "address": "0x01cf0e2f2f715450",
    "amount": "0.50000000",
    "findName": "",
    "name": "name1",
    "royaltyName": "network",
    "tenant": "findLease"
  }
}{
  "name": "A.f8d6e0586b0a20c7.FindLeaseMarket.RoyaltyPaid",
  "time": "1970-01-01T00:00:00Z",
  "fields": {
    "address": "0xf8d6e0586b0a20c7",
    "amount": "0.25000000",
    "findName": "",
    "name": "name1",
    "royaltyName": "find",
    "tenant": "findLease"
  }
}`
